../Drivers/STM32WBxx_HAL_Driver/Inc/stm32wbxx_ll_bus.h:364:22:LL_AHB1_GRP1_EnableClock	24	static
../Drivers/STM32WBxx_HAL_Driver/Inc/stm32wbxx_ll_bus.h:539:22:LL_AHB2_GRP1_EnableClock	24	static
../Core/Src/main.c:74:5:main	8	static
../Core/Src/main.c:129:6:SystemClock_Config	112	static
../Core/Src/main.c:187:6:PeriphCommonClock_Config	88	static
../Core/Src/main.c:211:13:MX_TIM2_Init	40	static
../Core/Src/main.c:256:13:MX_USART1_UART_Init	8	static
../Core/Src/main.c:302:13:MX_DMA_Init	8	static
../Core/Src/main.c:321:13:MX_GPIO_Init	32	static
../Core/Src/main.c:366:6:Error_Handler	4	static,ignoring_inline_asm
