../Core/Src/uart_ifce.c:31:6:uart_ifce_init	8	static
../Core/Src/uart_ifce.c:65:6:uart_ifce_deinit	8	static
../Core/Src/uart_ifce.c:79:6:HAL_UART_TxCpltCallback	16	static
../Core/Src/uart_ifce.c:92:6:ComPort_Config	16	static
../Core/Src/uart_ifce.c:175:6:HAL_UART_ErrorCallback	16	static
../Core/Src/uart_ifce.c:183:10:ModRTU_CRC	32	static
../Core/Src/uart_ifce.c:204:6:uart_ifce_transmit_dma	16	static
../Core/Src/uart_ifce.c:209:16:check_crc	40	dynamic
../Core/Src/uart_ifce.c:226:6:txToUSB	24	static
../Core/Src/uart_ifce.c:283:6:BLE_to_UART	16	static
../Core/Src/uart_ifce.c:294:6:HAL_UART_RxCpltCallback	16	static
