../Core/Src/uart_ifce.c:32:6:uart_ifce_init	8	static
../Core/Src/uart_ifce.c:66:6:uart_ifce_deinit	8	static
../Core/Src/uart_ifce.c:80:6:HAL_UART_TxCpltCallback	16	static
../Core/Src/uart_ifce.c:93:6:ComPort_Config	16	static
../Core/Src/uart_ifce.c:176:6:HAL_UART_ErrorCallback	16	static
../Core/Src/uart_ifce.c:184:10:ModRTU_CRC	32	static
../Core/Src/uart_ifce.c:205:6:uart_ifce_transmit_dma	16	static
../Core/Src/uart_ifce.c:210:16:check_crc	40	dynamic
../Core/Src/uart_ifce.c:227:6:txToUSB	24	static
../Core/Src/uart_ifce.c:283:6:BLE_to_UART	16	static
../Core/Src/uart_ifce.c:294:6:HAL_UART_RxCpltCallback	16	static
