../USB_Device/App/usbd_cdc_if.c:170:15:CDC_Init_FS	8	static
../USB_Device/App/usbd_cdc_if.c:214:15:CDC_DeInit_FS	8	static
../USB_Device/App/usbd_cdc_if.c:234:15:CDC_Control_FS	16	static
../USB_Device/App/usbd_cdc_if.c:312:15:CDC_Receive_FS	16	static
../USB_Device/App/usbd_cdc_if.c:332:9:CDC_Transmit_FS	24	static
../USB_Device/App/usbd_cdc_if.c:358:15:CDC_TransmitCplt_FS	32	static
../USB_Device/App/usbd_cdc_if.c:375:6:HAL_UART_TxCpltCallback	16	static
../USB_Device/App/usbd_cdc_if.c:388:13:ComPort_Config	8	static
../USB_Device/App/usbd_cdc_if.c:471:6:HAL_UART_ErrorCallback	16	static
../USB_Device/App/usbd_cdc_if.c:478:6:txToUSB	16	static
../USB_Device/App/usbd_cdc_if.c:512:6:HAL_UART_RxCpltCallback	16	static
