../USB_Device/App/usbd_cdc_if.c:176:15:CDC_Init_FS	8	static
../USB_Device/App/usbd_cdc_if.c:220:15:CDC_DeInit_FS	8	static
../USB_Device/App/usbd_cdc_if.c:240:15:CDC_Control_FS	16	static
../USB_Device/App/usbd_cdc_if.c:318:15:CDC_Receive_FS	16	static
../USB_Device/App/usbd_cdc_if.c:338:9:CDC_Transmit_FS	24	static
../USB_Device/App/usbd_cdc_if.c:364:15:CDC_TransmitCplt_FS	32	static
../USB_Device/App/usbd_cdc_if.c:381:6:HAL_UART_TxCpltCallback	16	static
../USB_Device/App/usbd_cdc_if.c:394:13:ComPort_Config	8	static
../USB_Device/App/usbd_cdc_if.c:477:6:HAL_UART_ErrorCallback	16	static
../USB_Device/App/usbd_cdc_if.c:485:10:ModRTU_CRC	32	static
../USB_Device/App/usbd_cdc_if.c:506:16:check_crc	40	dynamic
../USB_Device/App/usbd_cdc_if.c:523:6:txToUSB	16	static
../USB_Device/App/usbd_cdc_if.c:578:6:BLE_to_UART	16	static
../USB_Device/App/usbd_cdc_if.c:588:6:HAL_UART_RxCpltCallback	16	static
